###############################################################################
#
# IAR ELF Linker V8.40.1.212/W32 for ARM                  21/Oct/2021  11:41:40
# Copyright 2007-2019 IAR Systems AB.
#
#    Output file  =
#        E:\DA2\Code Hardware\AGVROBOT\EWARM\AGVROBOT\Exe\AGVROBOT.out
#    Map file     =
#        E:\DA2\Code Hardware\AGVROBOT\EWARM\AGVROBOT\List\AGVROBOT.map
#    Command line =
#        -f C:\Users\caoth\AppData\Local\Temp\EW5E5B.tmp ("E:\DA2\Code
#        Hardware\AGVROBOT\EWARM\AGVROBOT\Obj\main.o" "E:\DA2\Code
#        Hardware\AGVROBOT\EWARM\AGVROBOT\Obj\startup_stm32f103xb.o"
#        "E:\DA2\Code Hardware\AGVROBOT\EWARM\AGVROBOT\Obj\stm32f1xx_hal.o"
#        "E:\DA2\Code Hardware\AGVROBOT\EWARM\AGVROBOT\Obj\stm32f1xx_hal_adc.o"
#        "E:\DA2\Code
#        Hardware\AGVROBOT\EWARM\AGVROBOT\Obj\stm32f1xx_hal_adc_ex.o"
#        "E:\DA2\Code
#        Hardware\AGVROBOT\EWARM\AGVROBOT\Obj\stm32f1xx_hal_cortex.o"
#        "E:\DA2\Code Hardware\AGVROBOT\EWARM\AGVROBOT\Obj\stm32f1xx_hal_dma.o"
#        "E:\DA2\Code
#        Hardware\AGVROBOT\EWARM\AGVROBOT\Obj\stm32f1xx_hal_exti.o"
#        "E:\DA2\Code
#        Hardware\AGVROBOT\EWARM\AGVROBOT\Obj\stm32f1xx_hal_flash.o"
#        "E:\DA2\Code
#        Hardware\AGVROBOT\EWARM\AGVROBOT\Obj\stm32f1xx_hal_flash_ex.o"
#        "E:\DA2\Code
#        Hardware\AGVROBOT\EWARM\AGVROBOT\Obj\stm32f1xx_hal_gpio.o"
#        "E:\DA2\Code
#        Hardware\AGVROBOT\EWARM\AGVROBOT\Obj\stm32f1xx_hal_gpio_ex.o"
#        "E:\DA2\Code Hardware\AGVROBOT\EWARM\AGVROBOT\Obj\stm32f1xx_hal_msp.o"
#        "E:\DA2\Code Hardware\AGVROBOT\EWARM\AGVROBOT\Obj\stm32f1xx_hal_pwr.o"
#        "E:\DA2\Code Hardware\AGVROBOT\EWARM\AGVROBOT\Obj\stm32f1xx_hal_rcc.o"
#        "E:\DA2\Code
#        Hardware\AGVROBOT\EWARM\AGVROBOT\Obj\stm32f1xx_hal_rcc_ex.o"
#        "E:\DA2\Code Hardware\AGVROBOT\EWARM\AGVROBOT\Obj\stm32f1xx_hal_tim.o"
#        "E:\DA2\Code
#        Hardware\AGVROBOT\EWARM\AGVROBOT\Obj\stm32f1xx_hal_tim_ex.o"
#        "E:\DA2\Code
#        Hardware\AGVROBOT\EWARM\AGVROBOT\Obj\stm32f1xx_hal_uart.o"
#        "E:\DA2\Code Hardware\AGVROBOT\EWARM\AGVROBOT\Obj\stm32f1xx_it.o"
#        "E:\DA2\Code Hardware\AGVROBOT\EWARM\AGVROBOT\Obj\system_stm32f1xx.o"
#        --no_out_extension -o "E:\DA2\Code
#        Hardware\AGVROBOT\EWARM\AGVROBOT\Exe\AGVROBOT.out" --redirect
#        _Printf=_PrintfFullNoMb --redirect _Scanf=_ScanfFullNoMb --map
#        "E:\DA2\Code Hardware\AGVROBOT\EWARM\AGVROBOT\List\AGVROBOT.map"
#        --config "E:\DA2\Code Hardware\AGVROBOT\EWARM/stm32f103xb_flash.icf"
#        --semihosting --entry __iar_program_start --vfe --text_out locale)
#
###############################################################################

*******************************************************************************
*** RUNTIME MODEL ATTRIBUTES
***

CppFlavor       = *
__SystemLibrary = DLib
__dlib_version  = 6


*******************************************************************************
*** HEAP SELECTION
***

The basic heap was selected because no calls to memory allocation
functions were found in the application outside of system library
functions, and there are calls to deallocation functions in the
application.


*******************************************************************************
*** PLACEMENT SUMMARY
***

"A0":  place at address 0x800'0000 { ro section .intvec };
"P1":  place in [from 0x800'0000 to 0x801'ffff] { ro };
define block CSTACK with size = 1K, alignment = 8 { };
define block HEAP with size = 512, alignment = 8 { };
"P2":  place in [from 0x2000'0000 to 0x2000'4fff] {
          rw, block CSTACK, block HEAP };
initialize by copy { rw };

  Section            Kind         Address    Size  Object
  -------            ----         -------    ----  ------
"A0":                                        0xec
  .intvec            ro code   0x800'0000    0xec  startup_stm32f103xb.o [1]
                             - 0x800'00ec    0xec

"P1":                                      0x33e3
  .text              ro code   0x800'00ec   0x996  main.o [1]
  .text              ro code   0x800'0a82    0x3a  zero_init3.o [4]
  .text              ro code   0x800'0abc    0x24  FltCmpGe.o [3]
  .text              ro code   0x800'0ae0   0x1bc  stm32f1xx_hal_gpio.o [1]
  .text              ro code   0x800'0c9c    0x48  FltToDbl.o [3]
  .text              ro code   0x800'0ce4    0x3a  DblToS32.o [3]
  .text              ro code   0x800'0d20    0x24  FltCmpLe.o [3]
  .text              ro code   0x800'0d44    0xd8  FltMul.o [3]
  .text              ro code   0x800'0e1c   0x17a  DblAdd.o [3]
  .text              ro code   0x800'0f98    0x68  DblToFlt.o [3]
  .text              ro code   0x800'1000    0xe2  FltAdd.o [3]
  .text              ro code   0x800'10e4    0x80  FltSub.o [3]
  .text              ro code   0x800'1164    0x22  S32ToDbl.o [3]
  .text              ro code   0x800'1188    0x2e  DblCmpGe.o [3]
  .text              ro code   0x800'11b8    0x24  S32ToFlt.o [3]
  .text              ro code   0x800'11dc    0x1c  FltCmpEq.o [3]
  .text              ro code   0x800'11f8   0x614  stm32f1xx_hal_uart.o [1]
  .text              ro code   0x800'180c    0x24  stm32f1xx_hal.o [1]
  .text              ro code   0x800'1830    0xc4  stm32f1xx_hal_cortex.o [1]
  .text              ro code   0x800'18f4    0x14  memset.o [4]
  .text              ro code   0x800'1908   0x67e  stm32f1xx_hal_tim.o [1]
  .text              ro code   0x800'1f88    0xb8  stm32f1xx_hal_tim_ex.o [1]
  .text              ro code   0x800'2040   0x358  stm32f1xx_hal_msp.o [1]
  .text              ro code   0x800'2398   0x45a  stm32f1xx_hal_adc.o [1]
  .text              ro code   0x800'27f4    0x28  stm32f1xx_hal.o [1]
  .text              ro code   0x800'281c   0x4be  stm32f1xx_hal_rcc.o [1]
  .text              ro code   0x800'2cdc    0xe8  stm32f1xx_hal_rcc_ex.o [1]
  .text              ro code   0x800'2dc4    0xd2  DblSub.o [3]
  .text              ro code   0x800'2e98   0x346  stm32f1xx_hal_dma.o [1]
  .text              ro code   0x800'31de     0x2  stm32f1xx_hal_uart.o [1]
  .text              ro code   0x800'31e0     0x2  stm32f1xx_hal_uart.o [1]
  .text              ro code   0x800'31e2     0x2  stm32f1xx_hal_uart.o [1]
  .text              ro code   0x800'31e4     0x2  stm32f1xx_hal_uart.o [1]
  .text              ro code   0x800'31e6     0x2  stm32f1xx_hal_uart.o [1]
  .text              ro code   0x800'31e8    0x40  stm32f1xx_hal.o [1]
  .text              ro code   0x800'3228    0x66  ABImemset.o [4]
  .text              ro code   0x800'328e     0x2  stm32f1xx_hal_tim.o [1]
  .text              ro code   0x800'3290     0x2  stm32f1xx_hal_tim.o [1]
  .text              ro code   0x800'3292     0x2  stm32f1xx_hal_tim.o [1]
  .text              ro code   0x800'3294     0x2  stm32f1xx_hal_tim_ex.o [1]
  .text              ro code   0x800'3296     0x2  stm32f1xx_hal_tim.o [1]
  .text              ro code   0x800'3298     0x2  stm32f1xx_hal_tim_ex.o [1]
  .text              ro code   0x800'329a     0x2  stm32f1xx_hal_tim.o [1]
  .text              ro code   0x800'329c     0xc  stm32f1xx_hal.o [1]
  .text              ro code   0x800'32a8     0x2  stm32f1xx_hal_adc.o [1]
  .text              ro code   0x800'32aa     0x2  stm32f1xx_hal_adc.o [1]
  .text              ro code   0x800'32ac     0x2  stm32f1xx_hal_adc.o [1]
  .text              ro code   0x800'32b0    0x70  stm32f1xx_it.o [1]
  .text              ro code   0x800'3320    0x10  stm32f1xx_hal.o [1]
  .text              ro code   0x800'3330    0x38  packbits_init_single.o [4]
  .text              ro code   0x800'3368    0x28  data_init.o [4]
  .iar.init_table    const     0x800'3390    0x20  - Linker created -
  .text              ro code   0x800'33b0    0x1e  cmain.o [4]
  .text              ro code   0x800'33ce     0x4  low_level_init.o [2]
  .text              ro code   0x800'33d2     0x4  exit.o [2]
  .text              ro code   0x800'33d8     0xa  cexit.o [4]
  .text              ro code   0x800'33e4    0x14  exit.o [5]
  .text              ro code   0x800'33f8    0x14  system_stm32f1xx.o [1]
  .text              ro code   0x800'340c    0x10  startup_stm32f103xb.o [1]
  .text              ro code   0x800'341c     0xc  cstartup_M.o [4]
  .rodata            const     0x800'3428     0x8  system_stm32f1xx.o [1]
  .text              ro code   0x800'3430     0x4  startup_stm32f103xb.o [1]
  .text              ro code   0x800'3434     0x4  startup_stm32f103xb.o [1]
  .text              ro code   0x800'3438     0x4  startup_stm32f103xb.o [1]
  .text              ro code   0x800'343c     0x4  startup_stm32f103xb.o [1]
  .text              ro code   0x800'3440     0x4  startup_stm32f103xb.o [1]
  .text              ro code   0x800'3444     0x4  startup_stm32f103xb.o [1]
  .text              ro code   0x800'3448     0x4  startup_stm32f103xb.o [1]
  .text              ro code   0x800'344c     0x4  startup_stm32f103xb.o [1]
  .text              ro code   0x800'3450     0x4  startup_stm32f103xb.o [1]
  .text              ro code   0x800'3454     0x4  startup_stm32f103xb.o [1]
  .text              ro code   0x800'3458     0x4  startup_stm32f103xb.o [1]
  .text              ro code   0x800'345c     0x4  startup_stm32f103xb.o [1]
  .text              ro code   0x800'3460     0x4  startup_stm32f103xb.o [1]
  .text              ro code   0x800'3464     0x4  startup_stm32f103xb.o [1]
  .text              ro code   0x800'3468     0x4  startup_stm32f103xb.o [1]
  .text              ro code   0x800'346c     0x4  startup_stm32f103xb.o [1]
  .text              ro code   0x800'3470     0x4  startup_stm32f103xb.o [1]
  .text              ro code   0x800'3474     0x4  startup_stm32f103xb.o [1]
  .text              ro code   0x800'3478     0x4  startup_stm32f103xb.o [1]
  .text              ro code   0x800'347c     0x4  startup_stm32f103xb.o [1]
  .text              ro code   0x800'3480     0x4  startup_stm32f103xb.o [1]
  .text              ro code   0x800'3484     0x4  startup_stm32f103xb.o [1]
  .text              ro code   0x800'3488     0x4  startup_stm32f103xb.o [1]
  .text              ro code   0x800'348c     0x4  startup_stm32f103xb.o [1]
  .text              ro code   0x800'3490     0x4  startup_stm32f103xb.o [1]
  .text              ro code   0x800'3494     0x4  startup_stm32f103xb.o [1]
  .text              ro code   0x800'3498     0x4  startup_stm32f103xb.o [1]
  .text              ro code   0x800'349c     0x4  startup_stm32f103xb.o [1]
  .text              ro code   0x800'34a0     0x4  startup_stm32f103xb.o [1]
  .text              ro code   0x800'34a4     0x4  startup_stm32f103xb.o [1]
  .text              ro code   0x800'34a8     0x4  startup_stm32f103xb.o [1]
  .text              ro code   0x800'34ac     0x4  startup_stm32f103xb.o [1]
  .text              ro code   0x800'34b0     0x4  startup_stm32f103xb.o [1]
  .text              ro code   0x800'34b4     0x4  startup_stm32f103xb.o [1]
  .rodata            const     0x800'34b8     0x0  zero_init3.o [4]
  .rodata            const     0x800'34b8     0x0  packbits_init_single.o [4]
  Initializer bytes  const     0x800'34b8    0x17  <for P2-1>
                             - 0x800'34cf  0x33e3

"P2", part 1 of 3:                           0xa0
  P2-1                        0x2000'0000    0xa0  <Init block>
    .data            inited   0x2000'0000    0x90  main.o [1]
    .data            inited   0x2000'0090     0xc  stm32f1xx_hal.o [1]
    .data            inited   0x2000'009c     0x4  system_stm32f1xx.o [1]
                            - 0x2000'00a0    0xa0

"P2", part 2 of 3:                          0x2dc
  .bss               zero     0x2000'00a0    0x78  main.o [1]
  .bss               zero     0x2000'0118    0x48  main.o [1]
  .bss               zero     0x2000'0160    0x48  main.o [1]
  .bss               zero     0x2000'01a8    0x44  main.o [1]
  .bss               zero     0x2000'01ec    0x44  main.o [1]
  .bss               zero     0x2000'0230    0x44  main.o [1]
  .bss               zero     0x2000'0274    0x44  main.o [1]
  .bss               zero     0x2000'02b8    0x44  main.o [1]
  .bss               zero     0x2000'02fc    0x44  main.o [1]
  .bss               zero     0x2000'0340    0x30  main.o [1]
  .bss               zero     0x2000'0370     0xc  main.o [1]
                            - 0x2000'037c   0x2dc

"P2", part 3 of 3:                          0x400
  CSTACK                      0x2000'0380   0x400  <Block>
    CSTACK           uninit   0x2000'0380   0x400  <Block tail>
                            - 0x2000'0780   0x400

Unused ranges:

         From           To      Size
         ----           --      ----
   0x800'34cf   0x801'ffff  0x1'cb31
  0x2000'037c  0x2000'037f       0x4
  0x2000'0780  0x2000'4fff    0x4880


*******************************************************************************
*** INIT TABLE
***

          Address      Size
          -------      ----
Zero (__iar_zero_init3)
    1 destination range, total size 0x2dc:
          0x2000'00a0  0x2dc

Copy/packbits (__iar_packbits_init_single3)
    1 source range, total size 0x17 (14% of destination):
           0x800'34b8   0x17
    1 destination range, total size 0xa0:
          0x2000'0000   0xa0



*******************************************************************************
*** MODULE SUMMARY
***

    Module                  ro code  ro data  rw data
    ------                  -------  -------  -------
command line/config:
    -------------------------------------------------
    Total:

E:\DA2\Code Hardware\AGVROBOT\EWARM\AGVROBOT\Obj: [1]
    main.o                    2'454       20      876
    startup_stm32f103xb.o       388
    stm32f1xx_hal.o             168        2       12
    stm32f1xx_hal_adc.o       1'120
    stm32f1xx_hal_cortex.o      196
    stm32f1xx_hal_dma.o         838
    stm32f1xx_hal_gpio.o        444
    stm32f1xx_hal_msp.o         856
    stm32f1xx_hal_rcc.o       1'214
    stm32f1xx_hal_rcc_ex.o      232
    stm32f1xx_hal_tim.o       1'672
    stm32f1xx_hal_tim_ex.o      188
    stm32f1xx_hal_uart.o      1'566
    stm32f1xx_it.o              112
    system_stm32f1xx.o           20        9        4
    -------------------------------------------------
    Total:                   11'468       31      892

dl7M_tlf.a: [2]
    exit.o                        4
    low_level_init.o              4
    -------------------------------------------------
    Total:                        8

m7M_tl.a: [3]
    DblAdd.o                    378
    DblCmpGe.o                   46
    DblSub.o                    210
    DblToFlt.o                  104
    DblToS32.o                   58
    FltAdd.o                    226
    FltCmpEq.o                   28
    FltCmpGe.o                   36
    FltCmpLe.o                   36
    FltMul.o                    216
    FltSub.o                    128
    FltToDbl.o                   72
    S32ToDbl.o                   34
    S32ToFlt.o                   36
    -------------------------------------------------
    Total:                    1'608

rt7M_tl.a: [4]
    ABImemset.o                 102
    cexit.o                      10
    cmain.o                      30
    cstartup_M.o                 12
    data_init.o                  40
    memset.o                     20
    packbits_init_single.o       56
    zero_init3.o                 58
    -------------------------------------------------
    Total:                      328

shb_l.a: [5]
    exit.o                       20
    -------------------------------------------------
    Total:                       20

    Gaps                         24
    Linker created                        32    1'024
-----------------------------------------------------
    Grand Total:             13'456       63    1'916


*******************************************************************************
*** ENTRY LIST
***

Entry                       Address   Size  Type      Object
-----                       -------   ----  ----      ------
.iar.init_table$$Base    0x800'3390          --   Gb  - Linker created -
.iar.init_table$$Limit   0x800'33b0          --   Gb  - Linker created -
?main                    0x800'33b1         Code  Gb  cmain.o [4]
ADC_ConversionStop_Disable
                         0x800'273d   0x48  Code  Gb  stm32f1xx_hal_adc.o [1]
ADC_DMAConvCplt          0x800'278d   0x48  Code  Gb  stm32f1xx_hal_adc.o [1]
ADC_DMAError             0x800'27dd   0x16  Code  Gb  stm32f1xx_hal_adc.o [1]
ADC_DMAHalfConvCplt      0x800'27d5    0x6  Code  Gb  stm32f1xx_hal_adc.o [1]
ADC_Enable               0x800'26ab   0x6e  Code  Gb  stm32f1xx_hal_adc.o [1]
AHBPrescTable            0x800'33fc   0x10  Data  Gb  system_stm32f1xx.o [1]
APBPrescTable            0x800'3428    0x8  Data  Gb  system_stm32f1xx.o [1]
BusFault_Handler         0x800'32b7    0x2  Code  Gb  stm32f1xx_it.o [1]
ButtonHome              0x2000'0020    0x1  Data  Gb  main.o [1]
ButtonStart             0x2000'001e    0x1  Data  Gb  main.o [1]
ButtonStop              0x2000'001f    0x1  Data  Gb  main.o [1]
CSTACK$$Base            0x2000'0380          --   Gb  - Linker created -
CSTACK$$Limit           0x2000'0780          --   Gb  - Linker created -
DMA1_Channel1_IRQHandler
                         0x800'32c5    0x6  Code  Gb  stm32f1xx_it.o [1]
DMA1_Channel3_IRQHandler
                         0x800'32cb    0x6  Code  Gb  stm32f1xx_it.o [1]
DMA1_Channel5_IRQHandler
                         0x800'32d1    0x6  Code  Gb  stm32f1xx_it.o [1]
DMA1_Channel6_IRQHandler
                         0x800'32d7    0x6  Code  Gb  stm32f1xx_it.o [1]
DMA_SetConfig            0x800'31bd   0x22  Code  Lc  stm32f1xx_hal_dma.o [1]
DebugMon_Handler         0x800'32bd    0x2  Code  Gb  stm32f1xx_it.o [1]
E_angle                 0x2000'0024    0x2  Data  Gb  main.o [1]
Error_Handler            0x800'0a7f    0x4  Code  Gb  main.o [1]
HAL_ADC_ConfigChannel    0x800'25af   0xe4  Code  Gb  stm32f1xx_hal_adc.o [1]
HAL_ADC_Init             0x800'2399   0xf4  Code  Gb  stm32f1xx_hal_adc.o [1]
HAL_ADC_MspInit          0x800'207f   0x88  Code  Gb  stm32f1xx_hal_msp.o [1]
HAL_ADC_Start_DMA        0x800'24a1  0x102  Code  Gb  stm32f1xx_hal_adc.o [1]
HAL_DMA_Abort            0x800'2f67   0x4a  Code  Gb  stm32f1xx_hal_dma.o [1]
HAL_DMA_Abort_IT         0x800'2fb1   0x94  Code  Gb  stm32f1xx_hal_dma.o [1]
HAL_DMA_IRQHandler       0x800'3051  0x144  Code  Gb  stm32f1xx_hal_dma.o [1]
HAL_DMA_Init             0x800'2e99   0x5a  Code  Gb  stm32f1xx_hal_dma.o [1]
HAL_DMA_Start_IT         0x800'2ef3   0x74  Code  Gb  stm32f1xx_hal_dma.o [1]
HAL_Delay                0x800'27f5   0x28  Code  Wk  stm32f1xx_hal.o [1]
HAL_GPIO_Init            0x800'0ae1  0x180  Code  Gb  stm32f1xx_hal_gpio.o [1]
HAL_GPIO_WritePin        0x800'0c61    0x8  Code  Gb  stm32f1xx_hal_gpio.o [1]
HAL_GetTick              0x800'329d    0xc  Code  Wk  stm32f1xx_hal.o [1]
HAL_IncTick              0x800'3321   0x10  Code  Wk  stm32f1xx_hal.o [1]
HAL_Init                 0x800'180d   0x20  Code  Gb  stm32f1xx_hal.o [1]
HAL_InitTick             0x800'31e9   0x40  Code  Wk  stm32f1xx_hal.o [1]
HAL_MspInit              0x800'2041   0x3e  Code  Gb  stm32f1xx_hal_msp.o [1]
HAL_NVIC_EnableIRQ       0x800'189f   0x16  Code  Gb  stm32f1xx_hal_cortex.o [1]
HAL_NVIC_SetPriority     0x800'1865   0x3a  Code  Gb  stm32f1xx_hal_cortex.o [1]
HAL_NVIC_SetPriorityGrouping
                         0x800'184b   0x1a  Code  Gb  stm32f1xx_hal_cortex.o [1]
HAL_RCCEx_PeriphCLKConfig
                         0x800'2cdd   0xda  Code  Gb  stm32f1xx_hal_rcc_ex.o [1]
HAL_RCC_ClockConfig      0x800'2b31   0xf4  Code  Gb  stm32f1xx_hal_rcc.o [1]
HAL_RCC_GetPCLK1Freq     0x800'2c73   0x10  Code  Gb  stm32f1xx_hal_rcc.o [1]
HAL_RCC_GetPCLK2Freq     0x800'2c83    0xe  Code  Gb  stm32f1xx_hal_rcc.o [1]
HAL_RCC_GetSysClockFreq
                         0x800'2c39   0x3a  Code  Gb  stm32f1xx_hal_rcc.o [1]
HAL_RCC_GetSysClockFreq::aPLLMULFactorTable
                         0x800'2cc8   0x10  Data  Lc  stm32f1xx_hal_rcc.o [1]
HAL_RCC_GetSysClockFreq::aPredivFactorTable
                         0x800'2cd8    0x2  Data  Lc  stm32f1xx_hal_rcc.o [1]
HAL_RCC_OscConfig        0x800'281d  0x30c  Code  Gb  stm32f1xx_hal_rcc.o [1]
HAL_SYSTICK_Config       0x800'18b5   0x28  Code  Gb  stm32f1xx_hal_cortex.o [1]
HAL_TIMEx_BreakCallback
                         0x800'3295    0x2  Code  Wk  stm32f1xx_hal_tim_ex.o [1]
HAL_TIMEx_CommutCallback
                         0x800'3299    0x2  Code  Wk  stm32f1xx_hal_tim_ex.o [1]
HAL_TIMEx_ConfigBreakDeadTime
                         0x800'1fed   0x54  Code  Gb  stm32f1xx_hal_tim_ex.o [1]
HAL_TIMEx_MasterConfigSynchronization
                         0x800'1f89   0x56  Code  Gb  stm32f1xx_hal_tim_ex.o [1]
HAL_TIM_Base_Init        0x800'1909   0x1a  Code  Gb  stm32f1xx_hal_tim.o [1]
HAL_TIM_Base_MspInit     0x800'2107   0x74  Code  Gb  stm32f1xx_hal_msp.o [1]
HAL_TIM_Base_Start_IT    0x800'1923   0x5c  Code  Gb  stm32f1xx_hal_tim.o [1]
HAL_TIM_ConfigClockSource
                         0x800'1cad   0x90  Code  Gb  stm32f1xx_hal_tim.o [1]
HAL_TIM_IRQHandler       0x800'1aa5  0x142  Code  Gb  stm32f1xx_hal_tim.o [1]
HAL_TIM_MspPostInit      0x800'217b   0x3c  Code  Gb  stm32f1xx_hal_msp.o [1]
HAL_TIM_PWM_ConfigChannel
                         0x800'1bed   0xb4  Code  Gb  stm32f1xx_hal_tim.o [1]
HAL_TIM_PWM_Init         0x800'19a5   0x1a  Code  Gb  stm32f1xx_hal_tim.o [1]
HAL_TIM_PWM_Start        0x800'19bf   0x74  Code  Gb  stm32f1xx_hal_tim.o [1]
HAL_TIM_PeriodElapsedCallback
                         0x800'0469  0x128  Code  Gb  main.o [1]
HAL_UART_DMAStop         0x800'12e1   0x54  Code  Gb  stm32f1xx_hal_uart.o [1]
HAL_UART_IRQHandler      0x800'134d  0x200  Code  Gb  stm32f1xx_hal_uart.o [1]
HAL_UART_Init            0x800'11f9   0x1e  Code  Gb  stm32f1xx_hal_uart.o [1]
HAL_UART_MspInit         0x800'21c3  0x134  Code  Gb  stm32f1xx_hal_msp.o [1]
HAL_UART_Receive_DMA     0x800'12b1   0x30  Code  Gb  stm32f1xx_hal_uart.o [1]
HAL_UART_Transmit_IT     0x800'126f   0x42  Code  Gb  stm32f1xx_hal_uart.o [1]
HardFault_Handler        0x800'32b3    0x2  Code  Gb  stm32f1xx_it.o [1]
LX                      0x2000'001c    0x1  Data  Gb  main.o [1]
LY                      0x2000'001d    0x1  Data  Gb  main.o [1]
MemManage_Handler        0x800'32b5    0x2  Code  Gb  stm32f1xx_it.o [1]
NMI_Handler              0x800'32b1    0x2  Code  Gb  stm32f1xx_it.o [1]
PendSV_Handler           0x800'32bf    0x2  Code  Gb  stm32f1xx_it.o [1]
Pos_Cur                 0x2000'000a    0x2  Data  Gb  main.o [1]
Pos_Tar                 0x2000'0008    0x2  Data  Gb  main.o [1]
RX                      0x2000'001a    0x1  Data  Gb  main.o [1]
RY                      0x2000'001b    0x1  Data  Gb  main.o [1]
Region$$Table$$Base      0x800'3390          --   Gb  - Linker created -
Region$$Table$$Limit     0x800'33b0          --   Gb  - Linker created -
SVC_Handler              0x800'32bb    0x2  Code  Gb  stm32f1xx_it.o [1]
SysTick_Handler          0x800'32c1    0x4  Code  Gb  stm32f1xx_it.o [1]
SystemClock_Config       0x800'09f3   0x82  Code  Gb  main.o [1]
SystemCoreClock         0x2000'009c    0x4  Data  Gb  system_stm32f1xx.o [1]
SystemInit               0x800'33f9    0x2  Code  Gb  system_stm32f1xx.o [1]
TIM2_IRQHandler          0x800'32dd    0x6  Code  Gb  stm32f1xx_it.o [1]
TIM3_IRQHandler          0x800'32e3    0x6  Code  Gb  stm32f1xx_it.o [1]
TIM_Base_SetConfig       0x800'1d67   0x5e  Code  Gb  stm32f1xx_hal_tim.o [1]
TIM_CCxChannelCmd        0x800'1f6b   0x16  Code  Gb  stm32f1xx_hal_tim.o [1]
TIM_ETR_SetConfig        0x800'1f57   0x14  Code  Gb  stm32f1xx_hal_tim.o [1]
TIM_ITRx_SetConfig       0x800'1f47   0x10  Code  Lc  stm32f1xx_hal_tim.o [1]
TIM_OC1_SetConfig        0x800'1dc5   0x4a  Code  Lc  stm32f1xx_hal_tim.o [1]
TIM_OC2_SetConfig        0x800'1e0f   0x52  Code  Gb  stm32f1xx_hal_tim.o [1]
TIM_OC3_SetConfig        0x800'1e61   0x50  Code  Lc  stm32f1xx_hal_tim.o [1]
TIM_OC4_SetConfig        0x800'1eb1   0x40  Code  Lc  stm32f1xx_hal_tim.o [1]
TIM_TI1_ConfigInputStage
                         0x800'1f05   0x1e  Code  Lc  stm32f1xx_hal_tim.o [1]
TIM_TI2_ConfigInputStage
                         0x800'1f23   0x24  Code  Lc  stm32f1xx_hal_tim.o [1]
UART_DMAAbortOnError     0x800'16c1    0xc  Code  Lc  stm32f1xx_hal_uart.o [1]
UART_DMAError            0x800'15c5   0x4a  Code  Lc  stm32f1xx_hal_uart.o [1]
UART_DMAReceiveCplt      0x800'1559   0x54  Code  Lc  stm32f1xx_hal_uart.o [1]
UART_DMARxHalfCplt       0x800'15ad   0x14  Code  Lc  stm32f1xx_hal_uart.o [1]
UART_EndRxTransfer       0x800'168f   0x30  Code  Lc  stm32f1xx_hal_uart.o [1]
UART_EndTxTransfer       0x800'167d   0x12  Code  Lc  stm32f1xx_hal_uart.o [1]
UART_Receive_IT          0x800'16cd   0xb6  Code  Lc  stm32f1xx_hal_uart.o [1]
UART_SetConfig           0x800'1783   0x74  Code  Lc  stm32f1xx_hal_uart.o [1]
UART_Start_Receive_DMA   0x800'160f   0x6e  Code  Gb  stm32f1xx_hal_uart.o [1]
USART1_IRQHandler        0x800'32e9    0x6  Code  Gb  stm32f1xx_it.o [1]
USART2_IRQHandler        0x800'32ef    0x6  Code  Gb  stm32f1xx_it.o [1]
USART3_IRQHandler        0x800'32f5    0x6  Code  Gb  stm32f1xx_it.o [1]
UsageFault_Handler       0x800'32b9    0x2  Code  Gb  stm32f1xx_it.o [1]
__NVIC_SetPriority       0x800'1831   0x1a  Code  Lc  stm32f1xx_hal_cortex.o [1]
__aeabi_cdrcmple         0x800'1189         Code  Gb  DblCmpGe.o [3]
__aeabi_cfcmpeq          0x800'11dd         Code  Gb  FltCmpEq.o [3]
__aeabi_cfcmple          0x800'0d21         Code  Gb  FltCmpLe.o [3]
__aeabi_cfrcmple         0x800'0abd         Code  Gb  FltCmpGe.o [3]
__aeabi_d2f              0x800'0f99         Code  Gb  DblToFlt.o [3]
__aeabi_d2iz             0x800'0ce5         Code  Gb  DblToS32.o [3]
__aeabi_dadd             0x800'0e1d         Code  Gb  DblAdd.o [3]
__aeabi_f2d              0x800'0c9d         Code  Gb  FltToDbl.o [3]
__aeabi_fadd             0x800'1001         Code  Gb  FltAdd.o [3]
__aeabi_fmul             0x800'0d45         Code  Gb  FltMul.o [3]
__aeabi_fsub             0x800'10e5         Code  Gb  FltSub.o [3]
__aeabi_i2d              0x800'1165         Code  Gb  S32ToDbl.o [3]
__aeabi_i2f              0x800'11b9         Code  Gb  S32ToFlt.o [3]
__aeabi_memset           0x800'3229         Code  Gb  ABImemset.o [4]
__cmain                  0x800'33b1         Code  Gb  cmain.o [4]
__exit                   0x800'33e5   0x14  Code  Gb  exit.o [5]
__iar_Memset             0x800'3229         Code  Gb  ABImemset.o [4]
__iar_Memset_word        0x800'3231         Code  Gb  ABImemset.o [4]
__iar_dadd               0x800'2dc5         Code  Gb  DblSub.o [3]
__iar_data_init3         0x800'3369   0x28  Code  Gb  data_init.o [4]
__iar_dsub               0x800'0e2d         Code  Gb  DblAdd.o [3]
__iar_dsubStart          0x800'0e3f         Code  Gb  DblAdd.o [3]
__iar_fadd               0x800'10f1         Code  Gb  FltSub.o [3]
__iar_fsub               0x800'100d         Code  Gb  FltAdd.o [3]
__iar_fsubStart          0x800'101d         Code  Gb  FltAdd.o [3]
__iar_packbits_init_single3
                         0x800'3331   0x38  Code  Gb  packbits_init_single.o [4]
__iar_program_start      0x800'341d         Code  Gb  cstartup_M.o [4]
__iar_zero_init3         0x800'0a83   0x3a  Code  Gb  zero_init3.o [4]
__low_level_init         0x800'33cf    0x4  Code  Gb  low_level_init.o [2]
__vector_table           0x800'0000         Data  Gb  startup_stm32f103xb.o [1]
_call_main               0x800'33bd         Code  Gb  cmain.o [4]
_exit                    0x800'33d9         Code  Gb  cexit.o [4]
_main                    0x800'33cb         Code  Gb  cmain.o [4]
acc                     0x2000'010c    0x4  Data  Gb  main.o [1]
acceleration             0x800'0153   0x92  Code  Gb  main.o [1]
acceleration_Rotate      0x800'0279   0x9e  Code  Gb  main.o [1]
adc                     0x2000'0080    0x4  Data  Gb  main.o [1]
angleFix                 0x800'01f7   0x82  Code  Gb  main.o [1]
angleMpu                0x2000'0022    0x2  Data  Gb  main.o [1]
angleRobot              0x2000'0026    0x2  Data  Gb  main.o [1]
control_ps2              0x800'03d9   0x90  Code  Gb  main.o [1]
data                    0x2000'0000    0x8  Data  Gb  main.o [1]
dcc                     0x2000'0110    0x4  Data  Gb  main.o [1]
exit                     0x800'33d3    0x4  Code  Gb  exit.o [2]
fix                     0x2000'0078    0x4  Data  Gb  main.o [1]
flag                    0x2000'0019    0x1  Data  Gb  main.o [1]
hadc1                   0x2000'0340   0x30  Data  Gb  main.o [1]
hdma_adc1               0x2000'01a8   0x44  Data  Gb  main.o [1]
hdma_usart1_rx          0x2000'0274   0x44  Data  Gb  main.o [1]
hdma_usart2_rx          0x2000'02b8   0x44  Data  Gb  main.o [1]
hdma_usart3_rx          0x2000'02fc   0x44  Data  Gb  main.o [1]
htim1                   0x2000'00b0   0x48  Data  Gb  main.o [1]
htim2                   0x2000'0118   0x48  Data  Gb  main.o [1]
htim3                   0x2000'0160   0x48  Data  Gb  main.o [1]
huart1                  0x2000'0028   0x44  Data  Gb  main.o [1]
huart2                  0x2000'01ec   0x44  Data  Gb  main.o [1]
huart3                  0x2000'0230   0x44  Data  Gb  main.o [1]
k                       0x2000'00ac    0x1  Data  Gb  main.o [1]
limitSpeed              0x2000'006c    0x4  Data  Gb  main.o [1]
main                     0x800'059b  0x3a2  Code  Gb  main.o [1]
memset                   0x800'18f5   0x14  Code  Gb  memset.o [4]
mpu                     0x2000'000c    0xc  Data  Gb  main.o [1]
people                  0x2000'00ad    0x1  Data  Gb  main.o [1]
pwm_gen                  0x800'00ed   0x66  Code  Gb  main.o [1]
receive_pi              0x2000'00a0    0xc  Data  Gb  main.o [1]
robotLock                0x800'03c7   0x12  Code  Gb  main.o [1]
robotRun                 0x800'03ad   0x1a  Code  Gb  main.o [1]
rst                     0x2000'00ae    0x1  Data  Gb  main.o [1]
run_main                 0x800'0317   0x96  Code  Gb  main.o [1]
send_data               0x2000'0018    0x1  Data  Gb  main.o [1]
send_pi                 0x2000'0084    0xc  Data  Gb  main.o [1]
speedW                  0x2000'0374    0x4  Data  Gb  main.o [1]
speedWout               0x2000'0378    0x4  Data  Gb  main.o [1]
t                       0x2000'0114    0x4  Data  Gb  main.o [1]
uwTick                  0x2000'0094    0x4  Data  Gb  stm32f1xx_hal.o [1]
uwTickFreq              0x2000'0090    0x1  Data  Gb  stm32f1xx_hal.o [1]
uwTickPrio              0x2000'0098    0x4  Data  Gb  stm32f1xx_hal.o [1]
v                       0x2000'0104    0x4  Data  Gb  main.o [1]
va                      0x2000'00f8    0x4  Data  Gb  main.o [1]
val                     0x2000'007c    0x4  Data  Gb  main.o [1]
vb                      0x2000'00fc    0x4  Data  Gb  main.o [1]
vnow                    0x2000'0100    0x4  Data  Gb  main.o [1]
vout                    0x2000'0108    0x4  Data  Gb  main.o [1]
vq                      0x2000'0074    0x4  Data  Gb  main.o [1]
vqMpu                   0x2000'0070    0x4  Data  Gb  main.o [1]
vv                      0x2000'0370    0x1  Data  Gb  main.o [1]


[1] = E:\DA2\Code Hardware\AGVROBOT\EWARM\AGVROBOT\Obj
[2] = dl7M_tlf.a
[3] = m7M_tl.a
[4] = rt7M_tl.a
[5] = shb_l.a

  13'456 bytes of readonly  code memory
      63 bytes of readonly  data memory
   1'916 bytes of readwrite data memory

Errors: none
Warnings: none
